Read string: Hello, world!
Read string: Hello, world!
Read string: Hello, world!
Index 1024: 0x6c6c6548
Index 1025: 0x77202c6f
Index 1026: 0x646c726f
Index 1027: 0xaaaa0021
